// Jest Snapshot v1, https://goo.gl/fbAQLP

exports[`Button.vue should match snapshot 1`] = `<button type="submit" class="normal primary">ADD PRODUCT</button>`;
